// Jest Snapshot v1, https://goo.gl/fbAQLP

exports[`should render Edit Expense Page correctly 1`] = `
<div>
  <button
    onClick={[Function]}
  >
    REMOVE EXPENSE
  </button>
  <ExpenseForm
    expense={
      Object {
        "amount": 195,
        "createdAt": "1970-01-01T00:00:00.000Z",
        "description": "Gum",
        "id": "1",
        "note": "",
      }
    }
    functionButton="EDIT EXPENSE"
    onFormSubmit={[Function]}
  />
</div>
`;
